
> frontend@0.1.0 build
> next build

Γû▓ Next.js 16.1.7 (Turbopack)

  Creating an optimized production build ...
node.exe : 
At line:1 char:1
+ & "C:\Program 
Files\nodejs/node.exe" 
"C:\Program 
Files\nodejs/node_mo ...
+ ~~~~~~~~~~~~~~~~~~~~~~~~~
~~~~~~~~~~~~~~~~~~~~~~~~~~~
~~~~~~~~~~~~~~~~~
    + CategoryInfo         
     : NotSpecified: (:St  
  ring) [], RemoteExcept   
 ion
    + FullyQualifiedErrorI 
   d : NativeCommandError
 
> Build error occurred
Error: Turbopack build 
failed with 4 errors:
./components/Navbar.tsx:8:1
Export SignedIn doesn't 
exist in target module
[0m [90m  6 |[39m 
[36mimport[39m { [33mSea
rch[39m[33m,[39m 
[33mMenu[39m[33m,[39m 
[33mX[39m[33m,[39m 
[33mUser[39m } 
[36mfrom[39m [32m"lucide
-react"[39m[33m;[39m
 [90m  7 |[39m 
[36mimport[39m 
[33mThemeToggle[39m 
[36mfrom[39m [32m"@/comp
onents/ThemeToggle"[39m[3
3m;[39m
[31m[1m>[22m[39m[90m  
8 |[39m [36mimport[39m 
{ 
 [90m    |[39m [31m[1m^
[22m[39m[31m[1m^[22m[
39m[31m[1m^[22m[39m[31
m[1m^[22m[39m[31m[1m^
[22m[39m[31m[1m^[22m[3
9m[31m[1m^[22m[39m[31m
[1m^[22m[39m[31m[1m^[
22m[39m
[31m[1m>[22m[39m[90m  
9 |[39m   [33mSignInButto
n[39m[33m,[39m 
 [90m    |[39m [31m[1m^
[22m[39m[31m[1m^[22m[
39m[31m[1m^[22m[39m[31
m[1m^[22m[39m[31m[1m^
[22m[39m[31m[1m^[22m[3
9m[31m[1m^[22m[39m[31m
[1m^[22m[39m[31m[1m^[
22m[39m[31m[1m^[22m[39
m[31m[1m^[22m[39m[31m
[1m^[22m[39m[31m[1m^[2
2m[39m[31m[1m^[22m[39m
[31m[1m^[22m[39m[31m[
1m^[22m[39m
[31m[1m>[22m[39m[90m 
10 |[39m   [33mSignUpButt
on[39m[33m,[39m 
 [90m    |[39m [31m[1m^
[22m[39m[31m[1m^[22m[
39m[31m[1m^[22m[39m[31
m[1m^[22m[39m[31m[1m^
[22m[39m[31m[1m^[22m[3
9m[31m[1m^[22m[39m[31m
[1m^[22m[39m[31m[1m^[
22m[39m[31m[1m^[22m[39
m[31m[1m^[22m[39m[31m
[1m^[22m[39m[31m[1m^[2
2m[39m[31m[1m^[22m[39m
[31m[1m^[22m[39m[31m[
1m^[22m[39m
[31m[1m>[22m[39m[90m 
11 |[39m   [33mSignedIn[
39m[33m,[39m
 [90m    |[39m [31m[1m^
[22m[39m[31m[1m^[22m[
39m[31m[1m^[22m[39m[31
m[1m^[22m[39m[31m[1m^
[22m[39m[31m[1m^[22m[3
9m[31m[1m^[22m[39m[31m
[1m^[22m[39m[31m[1m^[
22m[39m[31m[1m^[22m[39
m[31m[1m^[22m[39m[31m
[1m^[22m[39m[31m[1m^[2
2m[39m[31m[1m^[22m[39m
[31m[1m^[22m[39m[31m[
1m^[22m[39m
[31m[1m>[22m[39m[90m 
12 |[39m   [33mSignedOut
[39m[33m,[39m
 [90m    |[39m [31m[1m^
[22m[39m[31m[1m^[22m[
39m[31m[1m^[22m[39m[31
m[1m^[22m[39m[31m[1m^
[22m[39m[31m[1m^[22m[3
9m[31m[1m^[22m[39m[31m
[1m^[22m[39m[31m[1m^[
22m[39m[31m[1m^[22m[39
m[31m[1m^[22m[39m[31m
[1m^[22m[39m[31m[1m^[2
2m[39m[31m[1m^[22m[39m
[31m[1m^[22m[39m[31m[
1m^[22m[39m
[31m[1m>[22m[39m[90m 
13 |[39m   useAuth
 [90m    |[39m [31m[1m^
[22m[39m[31m[1m^[22m[
39m[31m[1m^[22m[39m[31
m[1m^[22m[39m[31m[1m^
[22m[39m[31m[1m^[22m[3
9m[31m[1m^[22m[39m[31m
[1m^[22m[39m[31m[1m^[
22m[39m[31m[1m^[22m[39
m[31m[1m^[22m[39m[31m
[1m^[22m[39m[31m[1m^[2
2m[39m[31m[1m^[22m[39m
[31m[1m^[22m[39m[31m[
1m^[22m[39m
[31m[1m>[22m[39m[90m 
14 |[39m } [36mfrom[39m 
[32m"@clerk/nextjs"[39m[
33m;[39m
 [90m    |[39m [31m[1m^
[22m[39m[31m[1m^[22m[
39m[31m[1m^[22m[39m[31
m[1m^[22m[39m[31m[1m^
[22m[39m[31m[1m^[22m[3
9m[31m[1m^[22m[39m[31m
[1m^[22m[39m[31m[1m^[
22m[39m[31m[1m^[22m[39
m[31m[1m^[22m[39m[31m
[1m^[22m[39m[31m[1m^[2
2m[39m[31m[1m^[22m[39m
[31m[1m^[22m[39m[31m[
1m^[22m[39m[31m[1m^[22
m[39m[31m[1m^[22m[39m
[31m[1m^[22m[39m[31m[1
m^[22m[39m[31m[1m^[22m
[39m[31m[1m^[22m[39m[
31m[1m^[22m[39m[31m[1m
^[22m[39m
 [90m 15 |[39m
 [90m 16 |[39m 
[36mexport[39m 
[36mdefault[39m 
[36mfunction[39m 
[33mNavbar[39m() {
 [90m 17 |[39m   
[36mconst[39m location 
[33m=[39m useLocation()[
33m;[39m[0m

The export SignedIn was 
not found in module [projec
t]/node_modules/@clerk/next
js/dist/esm/index.js 
[app-client] (ecmascript).
Did you mean to import 
SignIn?
All exports of the module 
are statically known (It 
doesn't have dynamic 
exports). So it's known 
statically that the 
requested export doesn't 
exist.

Import trace:
  Server Component:
    ./components/Navbar.tsx
    ./app/page.tsx


./components/Navbar.tsx:8:1
Export SignedIn doesn't 
exist in target module
[0m [90m  6 |[39m 
[36mimport[39m { [33mSea
rch[39m[33m,[39m 
[33mMenu[39m[33m,[39m 
[33mX[39m[33m,[39m 
[33mUser[39m } 
[36mfrom[39m [32m"lucide
-react"[39m[33m;[39m
 [90m  7 |[39m 
[36mimport[39m 
[33mThemeToggle[39m 
[36mfrom[39m [32m"@/comp
onents/ThemeToggle"[39m[3
3m;[39m
[31m[1m>[22m[39m[90m  
8 |[39m [36mimport[39m 
{ 
 [90m    |[39m [31m[1m^
[22m[39m[31m[1m^[22m[
39m[31m[1m^[22m[39m[31
m[1m^[22m[39m[31m[1m^
[22m[39m[31m[1m^[22m[3
9m[31m[1m^[22m[39m[31m
[1m^[22m[39m[31m[1m^[
22m[39m
[31m[1m>[22m[39m[90m  
9 |[39m   [33mSignInButto
n[39m[33m,[39m 
 [90m    |[39m [31m[1m^
[22m[39m[31m[1m^[22m[
39m[31m[1m^[22m[39m[31
m[1m^[22m[39m[31m[1m^
[22m[39m[31m[1m^[22m[3
9m[31m[1m^[22m[39m[31m
[1m^[22m[39m[31m[1m^[
22m[39m[31m[1m^[22m[39
m[31m[1m^[22m[39m[31m
[1m^[22m[39m[31m[1m^[2
2m[39m[31m[1m^[22m[39m
[31m[1m^[22m[39m[31m[
1m^[22m[39m
[31m[1m>[22m[39m[90m 
10 |[39m   [33mSignUpButt
on[39m[33m,[39m 
 [90m    |[39m [31m[1m^
[22m[39m[31m[1m^[22m[
39m[31m[1m^[22m[39m[31
m[1m^[22m[39m[31m[1m^
[22m[39m[31m[1m^[22m[3
9m[31m[1m^[22m[39m[31m
[1m^[22m[39m[31m[1m^[
22m[39m[31m[1m^[22m[39
m[31m[1m^[22m[39m[31m
[1m^[22m[39m[31m[1m^[2
2m[39m[31m[1m^[22m[39m
[31m[1m^[22m[39m[31m[
1m^[22m[39m
[31m[1m>[22m[39m[90m 
11 |[39m   [33mSignedIn[
39m[33m,[39m
 [90m    |[39m [31m[1m^
[22m[39m[31m[1m^[22m[
39m[31m[1m^[22m[39m[31
m[1m^[22m[39m[31m[1m^
[22m[39m[31m[1m^[22m[3
9m[31m[1m^[22m[39m[31m
[1m^[22m[39m[31m[1m^[
22m[39m[31m[1m^[22m[39
m[31m[1m^[22m[39m[31m
[1m^[22m[39m[31m[1m^[2
2m[39m[31m[1m^[22m[39m
[31m[1m^[22m[39m[31m[
1m^[22m[39m
[31m[1m>[22m[39m[90m 
12 |[39m   [33mSignedOut
[39m[33m,[39m
 [90m    |[39m [31m[1m^
[22m[39m[31m[1m^[22m[
39m[31m[1m^[22m[39m[31
m[1m^[22m[39m[31m[1m^
[22m[39m[31m[1m^[22m[3
9m[31m[1m^[22m[39m[31m
[1m^[22m[39m[31m[1m^[
22m[39m[31m[1m^[22m[39
m[31m[1m^[22m[39m[31m
[1m^[22m[39m[31m[1m^[2
2m[39m[31m[1m^[22m[39m
[31m[1m^[22m[39m[31m[
1m^[22m[39m
[31m[1m>[22m[39m[90m 
13 |[39m   useAuth
 [90m    |[39m [31m[1m^
[22m[39m[31m[1m^[22m[
39m[31m[1m^[22m[39m[31
m[1m^[22m[39m[31m[1m^
[22m[39m[31m[1m^[22m[3
9m[31m[1m^[22m[39m[31m
[1m^[22m[39m[31m[1m^[
22m[39m[31m[1m^[22m[39
m[31m[1m^[22m[39m[31m
[1m^[22m[39m[31m[1m^[2
2m[39m[31m[1m^[22m[39m
[31m[1m^[22m[39m[31m[
1m^[22m[39m
[31m[1m>[22m[39m[90m 
14 |[39m } [36mfrom[39m 
[32m"@clerk/nextjs"[39m[
33m;[39m
 [90m    |[39m [31m[1m^
[22m[39m[31m[1m^[22m[
39m[31m[1m^[22m[39m[31
m[1m^[22m[39m[31m[1m^
[22m[39m[31m[1m^[22m[3
9m[31m[1m^[22m[39m[31m
[1m^[22m[39m[31m[1m^[
22m[39m[31m[1m^[22m[39
m[31m[1m^[22m[39m[31m
[1m^[22m[39m[31m[1m^[2
2m[39m[31m[1m^[22m[39m
[31m[1m^[22m[39m[31m[
1m^[22m[39m[31m[1m^[22
m[39m[31m[1m^[22m[39m
[31m[1m^[22m[39m[31m[1
m^[22m[39m[31m[1m^[22m
[39m[31m[1m^[22m[39m[
31m[1m^[22m[39m[31m[1m
^[22m[39m
 [90m 15 |[39m
 [90m 16 |[39m 
[36mexport[39m 
[36mdefault[39m 
[36mfunction[39m 
[33mNavbar[39m() {
 [90m 17 |[39m   
[36mconst[39m location 
[33m=[39m useLocation()[
33m;[39m[0m

The export SignedIn was 
not found in module [projec
t]/node_modules/@clerk/next
js/dist/esm/index.js 
[app-ssr] (ecmascript).
Did you mean to import 
SignIn?
All exports of the module 
are statically known (It 
doesn't have dynamic 
exports). So it's known 
statically that the 
requested export doesn't 
exist.

Import trace:
  Server Component:
    ./components/Navbar.tsx
    ./app/page.tsx


./components/Navbar.tsx:8:1
Export SignedOut doesn't 
exist in target module
[0m [90m  6 |[39m 
[36mimport[39m { [33mSea
rch[39m[33m,[39m 
[33mMenu[39m[33m,[39m 
[33mX[39m[33m,[39m 
[33mUser[39m } 
[36mfrom[39m [32m"lucide
-react"[39m[33m;[39m
 [90m  7 |[39m 
[36mimport[39m 
[33mThemeToggle[39m 
[36mfrom[39m [32m"@/comp
onents/ThemeToggle"[39m[3
3m;[39m
[31m[1m>[22m[39m[90m  
8 |[39m [36mimport[39m 
{ 
 [90m    |[39m [31m[1m^
[22m[39m[31m[1m^[22m[
39m[31m[1m^[22m[39m[31
m[1m^[22m[39m[31m[1m^
[22m[39m[31m[1m^[22m[3
9m[31m[1m^[22m[39m[31m
[1m^[22m[39m[31m[1m^[
22m[39m
[31m[1m>[22m[39m[90m  
9 |[39m   [33mSignInButto
n[39m[33m,[39m 
 [90m    |[39m [31m[1m^
[22m[39m[31m[1m^[22m[
39m[31m[1m^[22m[39m[31
m[1m^[22m[39m[31m[1m^
[22m[39m[31m[1m^[22m[3
9m[31m[1m^[22m[39m[31m
[1m^[22m[39m[31m[1m^[
22m[39m[31m[1m^[22m[39
m[31m[1m^[22m[39m[31m
[1m^[22m[39m[31m[1m^[2
2m[39m[31m[1m^[22m[39m
[31m[1m^[22m[39m[31m[
1m^[22m[39m
[31m[1m>[22m[39m[90m 
10 |[39m   [33mSignUpButt
on[39m[33m,[39m 
 [90m    |[39m [31m[1m^
[22m[39m[31m[1m^[22m[
39m[31m[1m^[22m[39m[31
m[1m^[22m[39m[31m[1m^
[22m[39m[31m[1m^[22m[3
9m[31m[1m^[22m[39m[31m
[1m^[22m[39m[31m[1m^[
22m[39m[31m[1m^[22m[39
m[31m[1m^[22m[39m[31m
[1m^[22m[39m[31m[1m^[2
2m[39m[31m[1m^[22m[39m
[31m[1m^[22m[39m[31m[
1m^[22m[39m
[31m[1m>[22m[39m[90m 
11 |[39m   [33mSignedIn[
39m[33m,[39m
 [90m    |[39m [31m[1m^
[22m[39m[31m[1m^[22m[
39m[31m[1m^[22m[39m[31
m[1m^[22m[39m[31m[1m^
[22m[39m[31m[1m^[22m[3
9m[31m[1m^[22m[39m[31m
[1m^[22m[39m[31m[1m^[
22m[39m[31m[1m^[22m[39
m[31m[1m^[22m[39m[31m
[1m^[22m[39m[31m[1m^[2
2m[39m[31m[1m^[22m[39m
[31m[1m^[22m[39m[31m[
1m^[22m[39m
[31m[1m>[22m[39m[90m 
12 |[39m   [33mSignedOut
[39m[33m,[39m
 [90m    |[39m [31m[1m^
[22m[39m[31m[1m^[22m[
39m[31m[1m^[22m[39m[31
m[1m^[22m[39m[31m[1m^
[22m[39m[31m[1m^[22m[3
9m[31m[1m^[22m[39m[31m
[1m^[22m[39m[31m[1m^[
22m[39m[31m[1m^[22m[39
m[31m[1m^[22m[39m[31m
[1m^[22m[39m[31m[1m^[2
2m[39m[31m[1m^[22m[39m
[31m[1m^[22m[39m[31m[
1m^[22m[39m
[31m[1m>[22m[39m[90m 
13 |[39m   useAuth
 [90m    |[39m [31m[1m^
[22m[39m[31m[1m^[22m[
39m[31m[1m^[22m[39m[31
m[1m^[22m[39m[31m[1m^
[22m[39m[31m[1m^[22m[3
9m[31m[1m^[22m[39m[31m
[1m^[22m[39m[31m[1m^[
22m[39m[31m[1m^[22m[39
m[31m[1m^[22m[39m[31m
[1m^[22m[39m[31m[1m^[2
2m[39m[31m[1m^[22m[39m
[31m[1m^[22m[39m[31m[
1m^[22m[39m
[31m[1m>[22m[39m[90m 
14 |[39m } [36mfrom[39m 
[32m"@clerk/nextjs"[39m[
33m;[39m
 [90m    |[39m [31m[1m^
[22m[39m[31m[1m^[22m[
39m[31m[1m^[22m[39m[31
m[1m^[22m[39m[31m[1m^
[22m[39m[31m[1m^[22m[3
9m[31m[1m^[22m[39m[31m
[1m^[22m[39m[31m[1m^[
22m[39m[31m[1m^[22m[39
m[31m[1m^[22m[39m[31m
[1m^[22m[39m[31m[1m^[2
2m[39m[31m[1m^[22m[39m
[31m[1m^[22m[39m[31m[
1m^[22m[39m[31m[1m^[22
m[39m[31m[1m^[22m[39m
[31m[1m^[22m[39m[31m[1
m^[22m[39m[31m[1m^[22m
[39m[31m[1m^[22m[39m[
31m[1m^[22m[39m[31m[1m
^[22m[39m
 [90m 15 |[39m
 [90m 16 |[39m 
[36mexport[39m 
[36mdefault[39m 
[36mfunction[39m 
[33mNavbar[39m() {
 [90m 17 |[39m   
[36mconst[39m location 
[33m=[39m useLocation()[
33m;[39m[0m

The export SignedOut was 
not found in module [projec
t]/node_modules/@clerk/next
js/dist/esm/index.js 
[app-client] (ecmascript).
Did you mean to import 
SignOutButton?
All exports of the module 
are statically known (It 
doesn't have dynamic 
exports). So it's known 
statically that the 
requested export doesn't 
exist.

Import trace:
  Server Component:
    ./components/Navbar.tsx
    ./app/page.tsx


./components/Navbar.tsx:8:1
Export SignedOut doesn't 
exist in target module
[0m [90m  6 |[39m 
[36mimport[39m { [33mSea
rch[39m[33m,[39m 
[33mMenu[39m[33m,[39m 
[33mX[39m[33m,[39m 
[33mUser[39m } 
[36mfrom[39m [32m"lucide
-react"[39m[33m;[39m
 [90m  7 |[39m 
[36mimport[39m 
[33mThemeToggle[39m 
[36mfrom[39m [32m"@/comp
onents/ThemeToggle"[39m[3
3m;[39m
[31m[1m>[22m[39m[90m  
8 |[39m [36mimport[39m 
{ 
 [90m    |[39m [31m[1m^
[22m[39m[31m[1m^[22m[
39m[31m[1m^[22m[39m[31
m[1m^[22m[39m[31m[1m^
[22m[39m[31m[1m^[22m[3
9m[31m[1m^[22m[39m[31m
[1m^[22m[39m[31m[1m^[
22m[39m
[31m[1m>[22m[39m[90m  
9 |[39m   [33mSignInButto
n[39m[33m,[39m 
 [90m    |[39m [31m[1m^
[22m[39m[31m[1m^[22m[
39m[31m[1m^[22m[39m[31
m[1m^[22m[39m[31m[1m^
[22m[39m[31m[1m^[22m[3
9m[31m[1m^[22m[39m[31m
[1m^[22m[39m[31m[1m^[
22m[39m[31m[1m^[22m[39
m[31m[1m^[22m[39m[31m
[1m^[22m[39m[31m[1m^[2
2m[39m[31m[1m^[22m[39m
[31m[1m^[22m[39m[31m[
1m^[22m[39m
[31m[1m>[22m[39m[90m 
10 |[39m   [33mSignUpButt
on[39m[33m,[39m 
 [90m    |[39m [31m[1m^
[22m[39m[31m[1m^[22m[
39m[31m[1m^[22m[39m[31
m[1m^[22m[39m[31m[1m^
[22m[39m[31m[1m^[22m[3
9m[31m[1m^[22m[39m[31m
[1m^[22m[39m[31m[1m^[
22m[39m[31m[1m^[22m[39
m[31m[1m^[22m[39m[31m
[1m^[22m[39m[31m[1m^[2
2m[39m[31m[1m^[22m[39m
[31m[1m^[22m[39m[31m[
1m^[22m[39m
[31m[1m>[22m[39m[90m 
11 |[39m   [33mSignedIn[
39m[33m,[39m
 [90m    |[39m [31m[1m^
[22m[39m[31m[1m^[22m[
39m[31m[1m^[22m[39m[31
m[1m^[22m[39m[31m[1m^
[22m[39m[31m[1m^[22m[3
9m[31m[1m^[22m[39m[31m
[1m^[22m[39m[31m[1m^[
22m[39m[31m[1m^[22m[39
m[31m[1m^[22m[39m[31m
[1m^[22m[39m[31m[1m^[2
2m[39m[31m[1m^[22m[39m
[31m[1m^[22m[39m[31m[
1m^[22m[39m
[31m[1m>[22m[39m[90m 
12 |[39m   [33mSignedOut
[39m[33m,[39m
 [90m    |[39m [31m[1m^
[22m[39m[31m[1m^[22m[
39m[31m[1m^[22m[39m[31
m[1m^[22m[39m[31m[1m^
[22m[39m[31m[1m^[22m[3
9m[31m[1m^[22m[39m[31m
[1m^[22m[39m[31m[1m^[
22m[39m[31m[1m^[22m[39
m[31m[1m^[22m[39m[31m
[1m^[22m[39m[31m[1m^[2
2m[39m[31m[1m^[22m[39m
[31m[1m^[22m[39m[31m[
1m^[22m[39m
[31m[1m>[22m[39m[90m 
13 |[39m   useAuth
 [90m    |[39m [31m[1m^
[22m[39m[31m[1m^[22m[
39m[31m[1m^[22m[39m[31
m[1m^[22m[39m[31m[1m^
[22m[39m[31m[1m^[22m[3
9m[31m[1m^[22m[39m[31m
[1m^[22m[39m[31m[1m^[
22m[39m[31m[1m^[22m[39
m[31m[1m^[22m[39m[31m
[1m^[22m[39m[31m[1m^[2
2m[39m[31m[1m^[22m[39m
[31m[1m^[22m[39m[31m[
1m^[22m[39m
[31m[1m>[22m[39m[90m 
14 |[39m } [36mfrom[39m 
[32m"@clerk/nextjs"[39m[
33m;[39m
 [90m    |[39m [31m[1m^
[22m[39m[31m[1m^[22m[
39m[31m[1m^[22m[39m[31
m[1m^[22m[39m[31m[1m^
[22m[39m[31m[1m^[22m[3
9m[31m[1m^[22m[39m[31m
[1m^[22m[39m[31m[1m^[
22m[39m[31m[1m^[22m[39
m[31m[1m^[22m[39m[31m
[1m^[22m[39m[31m[1m^[2
2m[39m[31m[1m^[22m[39m
[31m[1m^[22m[39m[31m[
1m^[22m[39m[31m[1m^[22
m[39m[31m[1m^[22m[39m
[31m[1m^[22m[39m[31m[1
m^[22m[39m[31m[1m^[22m
[39m[31m[1m^[22m[39m[
31m[1m^[22m[39m[31m[1m
^[22m[39m
 [90m 15 |[39m
 [90m 16 |[39m 
[36mexport[39m 
[36mdefault[39m 
[36mfunction[39m 
[33mNavbar[39m() {
 [90m 17 |[39m   
[36mconst[39m location 
[33m=[39m useLocation()[
33m;[39m[0m

The export SignedOut was 
not found in module [projec
t]/node_modules/@clerk/next
js/dist/esm/index.js 
[app-ssr] (ecmascript).
Did you mean to import 
SignOutButton?
All exports of the module 
are statically known (It 
doesn't have dynamic 
exports). So it's known 
statically that the 
requested export doesn't 
exist.

Import trace:
  Server Component:
    ./components/Navbar.tsx
    ./app/page.tsx


    at <unknown> (./compone
nts/Navbar.tsx:8:1)
    at <unknown> (./compone
nts/Navbar.tsx:8:1)
    at <unknown> (./compone
nts/Navbar.tsx:8:1)
    at <unknown> (./compone
nts/Navbar.tsx:8:1)
